mode: set
github.com/apache/dubbo-go-pixiu/pkg/config/xds/apiclient/apiclient.go:49.37,51.2 1 0
github.com/apache/dubbo-go-pixiu/pkg/config/xds/apiclient/apiclient.go:53.66,54.18 1 0
github.com/apache/dubbo-go-pixiu/pkg/config/xds/apiclient/apiclient.go:54.18,56.3 1 0
github.com/apache/dubbo-go-pixiu/pkg/config/xds/apiclient/apiclient.go:58.2,59.16 2 0
github.com/apache/dubbo-go-pixiu/pkg/config/xds/apiclient/apiclient.go:59.16,60.13 1 0
github.com/apache/dubbo-go-pixiu/pkg/config/xds/apiclient/apiclient.go:62.2,62.79 1 0
github.com/apache/dubbo-go-pixiu/pkg/config/xds/apiclient/apiclient.go:65.65,67.2 1 0
github.com/apache/dubbo-go-pixiu/pkg/config/xds/apiclient/grpc.go:73.46,78.2 1 1
github.com/apache/dubbo-go-pixiu/pkg/config/xds/apiclient/grpc.go:80.13,81.39 1 0
github.com/apache/dubbo-go-pixiu/pkg/config/xds/apiclient/grpc.go:81.39,83.3 1 0
github.com/apache/dubbo-go-pixiu/pkg/config/xds/apiclient/grpc.go:89.62,97.33 2 1
github.com/apache/dubbo-go-pixiu/pkg/config/xds/apiclient/grpc.go:97.33,99.3 1 1
github.com/apache/dubbo-go-pixiu/pkg/config/xds/apiclient/grpc.go:100.2,100.15 1 0
github.com/apache/dubbo-go-pixiu/pkg/config/xds/apiclient/grpc.go:104.82,111.16 2 0
github.com/apache/dubbo-go-pixiu/pkg/config/xds/apiclient/grpc.go:111.16,113.3 1 0
github.com/apache/dubbo-go-pixiu/pkg/config/xds/apiclient/grpc.go:114.2,116.47 3 0
github.com/apache/dubbo-go-pixiu/pkg/config/xds/apiclient/grpc.go:116.47,118.17 2 0
github.com/apache/dubbo-go-pixiu/pkg/config/xds/apiclient/grpc.go:118.17,120.4 1 0
github.com/apache/dubbo-go-pixiu/pkg/config/xds/apiclient/grpc.go:121.3,121.41 1 0
github.com/apache/dubbo-go-pixiu/pkg/config/xds/apiclient/grpc.go:123.2,123.24 1 0
github.com/apache/dubbo-go-pixiu/pkg/config/xds/apiclient/grpc.go:126.87,129.16 3 0
github.com/apache/dubbo-go-pixiu/pkg/config/xds/apiclient/grpc.go:129.16,131.3 1 0
github.com/apache/dubbo-go-pixiu/pkg/config/xds/apiclient/grpc.go:132.2,133.19 2 0
github.com/apache/dubbo-go-pixiu/pkg/config/xds/apiclient/grpc.go:136.69,142.2 1 0
github.com/apache/dubbo-go-pixiu/pkg/config/xds/apiclient/grpc.go:144.72,147.2 2 0
github.com/apache/dubbo-go-pixiu/pkg/config/xds/apiclient/grpc.go:149.80,153.20 4 0
github.com/apache/dubbo-go-pixiu/pkg/config/xds/apiclient/grpc.go:153.20,154.7 1 0
github.com/apache/dubbo-go-pixiu/pkg/config/xds/apiclient/grpc.go:154.7,160.18 5 0
github.com/apache/dubbo-go-pixiu/pkg/config/xds/apiclient/grpc.go:160.18,162.12 2 0
github.com/apache/dubbo-go-pixiu/pkg/config/xds/apiclient/grpc.go:163.40,163.40 0 0
github.com/apache/dubbo-go-pixiu/pkg/config/xds/apiclient/grpc.go:164.21,166.12 2 0
github.com/apache/dubbo-go-pixiu/pkg/config/xds/apiclient/grpc.go:169.5,169.13 1 0
github.com/apache/dubbo-go-pixiu/pkg/config/xds/apiclient/grpc.go:171.4,171.10 1 0
github.com/apache/dubbo-go-pixiu/pkg/config/xds/apiclient/grpc.go:175.2,176.18 2 0
github.com/apache/dubbo-go-pixiu/pkg/config/xds/apiclient/grpc.go:176.18,178.3 1 0
github.com/apache/dubbo-go-pixiu/pkg/config/xds/apiclient/grpc.go:179.2,179.12 1 0
github.com/apache/dubbo-go-pixiu/pkg/config/xds/apiclient/grpc.go:179.12,181.22 1 0
github.com/apache/dubbo-go-pixiu/pkg/config/xds/apiclient/grpc.go:181.23,182.4 0 0
github.com/apache/dubbo-go-pixiu/pkg/config/xds/apiclient/grpc.go:183.3,183.11 1 0
github.com/apache/dubbo-go-pixiu/pkg/config/xds/apiclient/grpc.go:186.2,186.12 1 0
github.com/apache/dubbo-go-pixiu/pkg/config/xds/apiclient/grpc.go:186.12,187.7 1 0
github.com/apache/dubbo-go-pixiu/pkg/config/xds/apiclient/grpc.go:187.7,188.8 1 0
github.com/apache/dubbo-go-pixiu/pkg/config/xds/apiclient/grpc.go:188.8,190.19 2 0
github.com/apache/dubbo-go-pixiu/pkg/config/xds/apiclient/grpc.go:190.19,192.11 2 0
github.com/apache/dubbo-go-pixiu/pkg/config/xds/apiclient/grpc.go:194.5,197.19 3 0
github.com/apache/dubbo-go-pixiu/pkg/config/xds/apiclient/grpc.go:197.19,199.11 2 0
github.com/apache/dubbo-go-pixiu/pkg/config/xds/apiclient/grpc.go:202.4,202.13 1 0
github.com/apache/dubbo-go-pixiu/pkg/config/xds/apiclient/grpc.go:206.2,206.12 1 0
github.com/apache/dubbo-go-pixiu/pkg/config/xds/apiclient/grpc.go:209.145,219.44 5 0
github.com/apache/dubbo-go-pixiu/pkg/config/xds/apiclient/grpc.go:219.44,222.3 2 0
github.com/apache/dubbo-go-pixiu/pkg/config/xds/apiclient/grpc.go:224.2,224.37 1 0
github.com/apache/dubbo-go-pixiu/pkg/config/xds/apiclient/grpc.go:224.37,228.17 4 0
github.com/apache/dubbo-go-pixiu/pkg/config/xds/apiclient/grpc.go:228.17,230.4 1 0
github.com/apache/dubbo-go-pixiu/pkg/config/xds/apiclient/grpc.go:231.3,231.65 1 0
github.com/apache/dubbo-go-pixiu/pkg/config/xds/apiclient/grpc.go:234.2,234.21 1 0
github.com/apache/dubbo-go-pixiu/pkg/config/xds/apiclient/grpc.go:237.159,245.2 2 0
github.com/apache/dubbo-go-pixiu/pkg/config/xds/apiclient/grpc.go:247.175,249.16 2 0
github.com/apache/dubbo-go-pixiu/pkg/config/xds/apiclient/grpc.go:249.16,251.3 1 0
github.com/apache/dubbo-go-pixiu/pkg/config/xds/apiclient/grpc.go:252.2,261.16 2 0
github.com/apache/dubbo-go-pixiu/pkg/config/xds/apiclient/grpc.go:261.16,263.3 1 0
github.com/apache/dubbo-go-pixiu/pkg/config/xds/apiclient/grpc.go:264.2,264.19 1 0
github.com/apache/dubbo-go-pixiu/pkg/config/xds/apiclient/grpc.go:267.47,268.36 1 1
github.com/apache/dubbo-go-pixiu/pkg/config/xds/apiclient/grpc.go:268.36,270.3 1 1
github.com/apache/dubbo-go-pixiu/pkg/config/xds/apiclient/grpc.go:272.2,272.35 1 1
github.com/apache/dubbo-go-pixiu/pkg/config/xds/apiclient/grpc.go:272.35,274.3 1 0
github.com/apache/dubbo-go-pixiu/pkg/config/xds/apiclient/grpc.go:275.2,277.16 2 1
github.com/apache/dubbo-go-pixiu/pkg/config/xds/apiclient/grpc.go:277.16,279.3 1 1
github.com/apache/dubbo-go-pixiu/pkg/config/xds/apiclient/grpc.go:280.2,281.16 2 0
github.com/apache/dubbo-go-pixiu/pkg/config/xds/apiclient/grpc.go:281.16,283.3 1 0
github.com/apache/dubbo-go-pixiu/pkg/config/xds/apiclient/grpc.go:284.2,285.12 2 0
github.com/apache/dubbo-go-pixiu/pkg/config/xds/apiclient/grpc.go:301.80,302.35 1 1
github.com/apache/dubbo-go-pixiu/pkg/config/xds/apiclient/grpc.go:302.35,304.3 1 1
github.com/apache/dubbo-go-pixiu/pkg/config/xds/apiclient/grpc.go:306.2,306.43 1 1
github.com/apache/dubbo-go-pixiu/pkg/config/xds/apiclient/grpc.go:306.43,309.3 2 1
github.com/apache/dubbo-go-pixiu/pkg/config/xds/apiclient/grpc.go:311.2,312.16 2 1
github.com/apache/dubbo-go-pixiu/pkg/config/xds/apiclient/grpc.go:312.16,314.3 1 0
github.com/apache/dubbo-go-pixiu/pkg/config/xds/apiclient/grpc.go:316.2,317.37 2 1
github.com/apache/dubbo-go-pixiu/pkg/config/xds/apiclient/grpc.go:317.37,318.23 1 1
github.com/apache/dubbo-go-pixiu/pkg/config/xds/apiclient/grpc.go:318.23,320.9 2 1
github.com/apache/dubbo-go-pixiu/pkg/config/xds/apiclient/grpc.go:323.2,323.23 1 1
github.com/apache/dubbo-go-pixiu/pkg/config/xds/apiclient/grpc.go:323.23,325.3 1 0
github.com/apache/dubbo-go-pixiu/pkg/config/xds/apiclient/grpc.go:326.2,331.24 3 1
github.com/apache/dubbo-go-pixiu/pkg/config/xds/apiclient/grpc.go:334.50,336.43 1 0
github.com/apache/dubbo-go-pixiu/pkg/config/xds/apiclient/grpc.go:336.43,337.52 1 0
github.com/apache/dubbo-go-pixiu/pkg/config/xds/apiclient/grpc.go:337.52,338.38 1 0
github.com/apache/dubbo-go-pixiu/pkg/config/xds/apiclient/grpc.go:338.38,340.5 1 0
github.com/apache/dubbo-go-pixiu/pkg/config/xds/apiclient/grpc.go:342.3,342.14 1 0
github.com/apache/dubbo-go-pixiu/pkg/config/xds/apiclient/grpc.go:344.2,344.12 1 0
github.com/apache/dubbo-go-pixiu/pkg/config/xds/apiclient/grpc.go:347.74,348.19 1 1
github.com/apache/dubbo-go-pixiu/pkg/config/xds/apiclient/grpc.go:348.19,357.35 2 1
github.com/apache/dubbo-go-pixiu/pkg/config/xds/apiclient/grpc.go:357.35,360.4 2 0
github.com/apache/dubbo-go-pixiu/pkg/config/xds/apiclient/grpc.go:361.3,369.17 6 1
github.com/apache/dubbo-go-pixiu/pkg/config/xds/apiclient/grpc.go:369.17,372.4 2 0
github.com/apache/dubbo-go-pixiu/pkg/config/xds/apiclient/grpc.go:373.3,374.16 2 1
github.com/apache/dubbo-go-pixiu/pkg/config/xds/apiclient/grpc.go:376.2,376.20 1 1
github.com/apache/dubbo-go-pixiu/pkg/config/xds/apiclient/grpc.go:379.46,380.19 1 1
github.com/apache/dubbo-go-pixiu/pkg/config/xds/apiclient/grpc.go:380.19,382.3 1 1
github.com/apache/dubbo-go-pixiu/pkg/config/xds/apiclient/grpc.go:383.2,384.15 2 1
github.com/apache/dubbo-go-pixiu/pkg/config/xds/apiclient/grpc.go:384.15,385.31 1 1
github.com/apache/dubbo-go-pixiu/pkg/config/xds/apiclient/grpc.go:385.31,388.4 2 1
github.com/apache/dubbo-go-pixiu/pkg/config/xds/apiclient/grpc.go:390.2,392.8 3 1
github.com/apache/dubbo-go-pixiu/pkg/config/xds/apiclient/grpc.go:395.37,396.19 1 1
github.com/apache/dubbo-go-pixiu/pkg/config/xds/apiclient/grpc.go:396.19,398.3 1 0
github.com/apache/dubbo-go-pixiu/pkg/config/xds/apiclient/grpc.go:399.2,399.39 1 1
github.com/apache/dubbo-go-pixiu/pkg/config/xds/apiclient/grpc.go:399.39,401.3 1 0
github.com/apache/dubbo-go-pixiu/pkg/config/xds/apiclient/grpc.go:402.2,403.12 2 1
github.com/apache/dubbo-go-pixiu/pkg/config/xds/apiclient/grpc_envoy.go:52.67,53.35 1 0
github.com/apache/dubbo-go-pixiu/pkg/config/xds/apiclient/grpc_envoy.go:53.35,54.37 1 0
github.com/apache/dubbo-go-pixiu/pkg/config/xds/apiclient/grpc_envoy.go:54.37,56.4 1 0
github.com/apache/dubbo-go-pixiu/pkg/config/xds/apiclient/grpc_envoy.go:67.30,73.18 6 1
github.com/apache/dubbo-go-pixiu/pkg/config/xds/apiclient/grpc_envoy.go:74.29,75.36 1 1
github.com/apache/dubbo-go-pixiu/pkg/config/xds/apiclient/grpc_envoy.go:76.28,77.35 1 1
github.com/apache/dubbo-go-pixiu/pkg/config/xds/apiclient/grpc_envoy.go:78.29,79.36 1 0
github.com/apache/dubbo-go-pixiu/pkg/config/xds/apiclient/grpc_envoy.go:80.10,82.35 2 0
github.com/apache/dubbo-go-pixiu/pkg/config/xds/apiclient/grpc_envoy.go:85.2,86.26 2 1
github.com/apache/dubbo-go-pixiu/pkg/config/xds/apiclient/grpc_envoy.go:86.26,88.3 1 0
github.com/apache/dubbo-go-pixiu/pkg/config/xds/apiclient/grpc_envoy.go:89.2,89.33 1 1
github.com/apache/dubbo-go-pixiu/pkg/config/xds/apiclient/grpc_envoy.go:89.33,91.3 1 1
github.com/apache/dubbo-go-pixiu/pkg/config/xds/apiclient/grpc_envoy.go:92.2,92.15 1 0
github.com/apache/dubbo-go-pixiu/pkg/config/xds/apiclient/grpc_envoy.go:104.41,105.36 1 1
github.com/apache/dubbo-go-pixiu/pkg/config/xds/apiclient/grpc_envoy.go:105.36,107.3 1 1
github.com/apache/dubbo-go-pixiu/pkg/config/xds/apiclient/grpc_envoy.go:109.2,109.35 1 1
github.com/apache/dubbo-go-pixiu/pkg/config/xds/apiclient/grpc_envoy.go:109.35,111.3 1 0
github.com/apache/dubbo-go-pixiu/pkg/config/xds/apiclient/grpc_envoy.go:112.2,114.16 2 1
github.com/apache/dubbo-go-pixiu/pkg/config/xds/apiclient/grpc_envoy.go:114.16,116.3 1 1
github.com/apache/dubbo-go-pixiu/pkg/config/xds/apiclient/grpc_envoy.go:117.2,118.16 2 0
github.com/apache/dubbo-go-pixiu/pkg/config/xds/apiclient/grpc_envoy.go:118.16,120.3 1 0
github.com/apache/dubbo-go-pixiu/pkg/config/xds/apiclient/grpc_envoy.go:121.2,124.12 3 0
github.com/apache/dubbo-go-pixiu/pkg/config/xds/apiclient/grpc_envoy.go:127.65,130.2 1 0
github.com/apache/dubbo-go-pixiu/pkg/config/xds/apiclient/grpc_envoy.go:132.66,135.2 2 0
github.com/apache/dubbo-go-pixiu/pkg/config/xds/apiclient/grpc_envoy.go:142.72,147.19 4 0
github.com/apache/dubbo-go-pixiu/pkg/config/xds/apiclient/grpc_envoy.go:148.29,149.37 1 0
github.com/apache/dubbo-go-pixiu/pkg/config/xds/apiclient/grpc_envoy.go:149.37,150.29 1 0
github.com/apache/dubbo-go-pixiu/pkg/config/xds/apiclient/grpc_envoy.go:150.29,152.47 2 0
github.com/apache/dubbo-go-pixiu/pkg/config/xds/apiclient/grpc_envoy.go:152.47,154.14 2 0
github.com/apache/dubbo-go-pixiu/pkg/config/xds/apiclient/grpc_envoy.go:158.28,159.37 1 0
github.com/apache/dubbo-go-pixiu/pkg/config/xds/apiclient/grpc_envoy.go:159.37,161.29 1 0
github.com/apache/dubbo-go-pixiu/pkg/config/xds/apiclient/grpc_envoy.go:161.29,164.47 3 0
github.com/apache/dubbo-go-pixiu/pkg/config/xds/apiclient/grpc_envoy.go:164.47,166.14 2 0
github.com/apache/dubbo-go-pixiu/pkg/config/xds/apiclient/grpc_envoy.go:169.5,169.52 1 0
github.com/apache/dubbo-go-pixiu/pkg/config/xds/apiclient/grpc_envoy.go:172.4,175.45 3 0
github.com/apache/dubbo-go-pixiu/pkg/config/xds/apiclient/grpc_envoy.go:175.45,176.20 1 0
github.com/apache/dubbo-go-pixiu/pkg/config/xds/apiclient/grpc_envoy.go:176.20,178.6 1 0
github.com/apache/dubbo-go-pixiu/pkg/config/xds/apiclient/grpc_envoy.go:182.4,182.81 1 0
github.com/apache/dubbo-go-pixiu/pkg/config/xds/apiclient/grpc_envoy.go:182.81,199.30 2 0
github.com/apache/dubbo-go-pixiu/pkg/config/xds/apiclient/grpc_envoy.go:199.30,201.48 2 0
github.com/apache/dubbo-go-pixiu/pkg/config/xds/apiclient/grpc_envoy.go:201.48,203.15 2 0
github.com/apache/dubbo-go-pixiu/pkg/config/xds/apiclient/grpc_envoy.go:205.6,208.37 3 0
github.com/apache/dubbo-go-pixiu/pkg/config/xds/apiclient/grpc_envoy.go:208.37,219.7 2 0
github.com/apache/dubbo-go-pixiu/pkg/config/xds/apiclient/grpc_envoy.go:223.5,228.40 1 0
github.com/apache/dubbo-go-pixiu/pkg/config/xds/apiclient/grpc_envoy.go:228.40,230.24 2 0
github.com/apache/dubbo-go-pixiu/pkg/config/xds/apiclient/grpc_envoy.go:230.24,233.11 2 0
github.com/apache/dubbo-go-pixiu/pkg/config/xds/apiclient/grpc_envoy.go:234.10,234.18 1 0
github.com/apache/dubbo-go-pixiu/pkg/config/xds/apiclient/grpc_envoy.go:242.4,242.18 1 0
github.com/apache/dubbo-go-pixiu/pkg/config/xds/apiclient/grpc_envoy.go:242.18,244.5 1 0
github.com/apache/dubbo-go-pixiu/pkg/config/xds/apiclient/grpc_envoy.go:247.10,248.81 1 0
github.com/apache/dubbo-go-pixiu/pkg/config/xds/apiclient/grpc_envoy.go:251.2,251.49 1 0
github.com/apache/dubbo-go-pixiu/pkg/config/xds/apiclient/grpc_envoy.go:251.49,253.3 1 0
github.com/apache/dubbo-go-pixiu/pkg/config/xds/apiclient/grpc_envoy.go:255.2,255.12 1 0
github.com/apache/dubbo-go-pixiu/pkg/config/xds/apiclient/grpc_envoy.go:259.82,260.23 1 0
github.com/apache/dubbo-go-pixiu/pkg/config/xds/apiclient/grpc_envoy.go:260.23,262.3 1 0
github.com/apache/dubbo-go-pixiu/pkg/config/xds/apiclient/grpc_envoy.go:263.2,271.19 1 0
github.com/apache/dubbo-go-pixiu/pkg/config/xds/apiclient/grpc_envoy.go:276.47,280.48 2 0
github.com/apache/dubbo-go-pixiu/pkg/config/xds/apiclient/grpc_envoy.go:280.48,282.3 1 0
github.com/apache/dubbo-go-pixiu/pkg/config/xds/apiclient/grpc_envoy.go:283.2,283.12 1 0
github.com/apache/dubbo-go-pixiu/pkg/config/xds/apiclient/grpc_envoy.go:287.111,292.20 4 0
github.com/apache/dubbo-go-pixiu/pkg/config/xds/apiclient/grpc_envoy.go:292.20,294.7 2 0
github.com/apache/dubbo-go-pixiu/pkg/config/xds/apiclient/grpc_envoy.go:294.7,300.18 5 0
github.com/apache/dubbo-go-pixiu/pkg/config/xds/apiclient/grpc_envoy.go:300.18,302.12 2 0
github.com/apache/dubbo-go-pixiu/pkg/config/xds/apiclient/grpc_envoy.go:303.40,303.40 0 0
github.com/apache/dubbo-go-pixiu/pkg/config/xds/apiclient/grpc_envoy.go:304.21,306.12 2 0
github.com/apache/dubbo-go-pixiu/pkg/config/xds/apiclient/grpc_envoy.go:308.5,308.13 1 0
github.com/apache/dubbo-go-pixiu/pkg/config/xds/apiclient/grpc_envoy.go:310.4,310.10 1 0
github.com/apache/dubbo-go-pixiu/pkg/config/xds/apiclient/grpc_envoy.go:314.2,315.18 2 0
github.com/apache/dubbo-go-pixiu/pkg/config/xds/apiclient/grpc_envoy.go:315.18,317.3 1 0
github.com/apache/dubbo-go-pixiu/pkg/config/xds/apiclient/grpc_envoy.go:318.2,318.12 1 0
github.com/apache/dubbo-go-pixiu/pkg/config/xds/apiclient/grpc_envoy.go:318.12,320.22 1 0
github.com/apache/dubbo-go-pixiu/pkg/config/xds/apiclient/grpc_envoy.go:320.23,321.4 0 0
github.com/apache/dubbo-go-pixiu/pkg/config/xds/apiclient/grpc_envoy.go:322.3,322.11 1 0
github.com/apache/dubbo-go-pixiu/pkg/config/xds/apiclient/grpc_envoy.go:325.2,325.12 1 0
github.com/apache/dubbo-go-pixiu/pkg/config/xds/apiclient/grpc_envoy.go:325.12,326.7 1 0
github.com/apache/dubbo-go-pixiu/pkg/config/xds/apiclient/grpc_envoy.go:326.7,327.8 1 0
github.com/apache/dubbo-go-pixiu/pkg/config/xds/apiclient/grpc_envoy.go:327.8,329.19 2 0
github.com/apache/dubbo-go-pixiu/pkg/config/xds/apiclient/grpc_envoy.go:329.19,331.11 2 0
github.com/apache/dubbo-go-pixiu/pkg/config/xds/apiclient/grpc_envoy.go:333.5,333.49 1 0
github.com/apache/dubbo-go-pixiu/pkg/config/xds/apiclient/grpc_envoy.go:335.4,335.13 1 0
github.com/apache/dubbo-go-pixiu/pkg/config/xds/apiclient/grpc_envoy.go:339.2,339.12 1 0
github.com/apache/dubbo-go-pixiu/pkg/config/xds/apiclient/grpc_envoy.go:342.139,350.2 4 0
github.com/apache/dubbo-go-pixiu/pkg/config/xds/apiclient/grpc_envoy.go:352.212,356.16 4 0
github.com/apache/dubbo-go-pixiu/pkg/config/xds/apiclient/grpc_envoy.go:356.16,358.3 1 0
github.com/apache/dubbo-go-pixiu/pkg/config/xds/apiclient/grpc_envoy.go:360.2,361.16 2 0
github.com/apache/dubbo-go-pixiu/pkg/config/xds/apiclient/grpc_envoy.go:361.16,363.3 1 0
github.com/apache/dubbo-go-pixiu/pkg/config/xds/apiclient/grpc_envoy.go:364.2,364.8 1 0
github.com/apache/dubbo-go-pixiu/pkg/config/xds/apiclient/grpc_envoy.go:369.33,378.2 1 0
github.com/apache/dubbo-go-pixiu/pkg/config/xds/apiclient/grpc_envoy.go:380.63,382.21 2 0
github.com/apache/dubbo-go-pixiu/pkg/config/xds/apiclient/grpc_envoy.go:382.21,385.3 2 0
github.com/apache/dubbo-go-pixiu/pkg/config/xds/apiclient/grpc_envoy.go:386.2,387.23 2 0
github.com/apache/dubbo-go-pixiu/pkg/config/xds/apiclient/grpc_envoy.go:387.23,390.3 2 0
github.com/apache/dubbo-go-pixiu/pkg/config/xds/apiclient/grpc_envoy.go:391.2,392.22 2 0
github.com/apache/dubbo-go-pixiu/pkg/config/xds/apiclient/grpc_envoy.go:392.22,395.3 2 0
github.com/apache/dubbo-go-pixiu/pkg/config/xds/apiclient/grpc_envoy.go:397.2,415.3 1 0
github.com/apache/dubbo-go-pixiu/pkg/config/xds/apiclient/grpc_envoy.go:419.133,421.77 2 0
github.com/apache/dubbo-go-pixiu/pkg/config/xds/apiclient/grpc_envoy.go:421.77,424.3 2 0
github.com/apache/dubbo-go-pixiu/pkg/config/xds/apiclient/grpc_envoy.go:426.2,426.46 1 0
github.com/apache/dubbo-go-pixiu/pkg/config/xds/apiclient/grpc_envoy.go:427.31,428.40 1 0
github.com/apache/dubbo-go-pixiu/pkg/config/xds/apiclient/grpc_envoy.go:428.40,430.73 2 0
github.com/apache/dubbo-go-pixiu/pkg/config/xds/apiclient/grpc_envoy.go:430.73,432.5 1 0
github.com/apache/dubbo-go-pixiu/pkg/config/xds/apiclient/grpc_envoy.go:434.4,434.56 1 0
github.com/apache/dubbo-go-pixiu/pkg/config/xds/apiclient/grpc_envoy.go:434.56,436.5 1 0
github.com/apache/dubbo-go-pixiu/pkg/config/xds/apiclient/grpc_envoy.go:438.4,441.5 1 0
github.com/apache/dubbo-go-pixiu/pkg/config/xds/apiclient/grpc_envoy.go:442.9,444.4 1 0
