mode: set
github.com/apache/dubbo-go-pixiu/pkg/config/xds/apiclient/apiclient.go:49.37,51.2 1 0
github.com/apache/dubbo-go-pixiu/pkg/config/xds/apiclient/apiclient.go:53.66,54.18 1 0
github.com/apache/dubbo-go-pixiu/pkg/config/xds/apiclient/apiclient.go:54.18,56.3 1 0
github.com/apache/dubbo-go-pixiu/pkg/config/xds/apiclient/apiclient.go:58.2,59.16 2 0
github.com/apache/dubbo-go-pixiu/pkg/config/xds/apiclient/apiclient.go:59.16,60.13 1 0
github.com/apache/dubbo-go-pixiu/pkg/config/xds/apiclient/apiclient.go:62.2,62.79 1 0
github.com/apache/dubbo-go-pixiu/pkg/config/xds/apiclient/apiclient.go:65.65,67.2 1 0
github.com/apache/dubbo-go-pixiu/pkg/config/xds/apiclient/grpc.go:73.46,78.2 1 1
github.com/apache/dubbo-go-pixiu/pkg/config/xds/apiclient/grpc.go:80.13,81.39 1 0
github.com/apache/dubbo-go-pixiu/pkg/config/xds/apiclient/grpc.go:81.39,83.3 1 0
github.com/apache/dubbo-go-pixiu/pkg/config/xds/apiclient/grpc.go:89.53,99.2 3 0
github.com/apache/dubbo-go-pixiu/pkg/config/xds/apiclient/grpc.go:102.82,109.16 2 0
github.com/apache/dubbo-go-pixiu/pkg/config/xds/apiclient/grpc.go:109.16,111.3 1 0
github.com/apache/dubbo-go-pixiu/pkg/config/xds/apiclient/grpc.go:112.2,114.47 3 0
github.com/apache/dubbo-go-pixiu/pkg/config/xds/apiclient/grpc.go:114.47,116.17 2 0
github.com/apache/dubbo-go-pixiu/pkg/config/xds/apiclient/grpc.go:116.17,118.4 1 0
github.com/apache/dubbo-go-pixiu/pkg/config/xds/apiclient/grpc.go:119.3,119.41 1 0
github.com/apache/dubbo-go-pixiu/pkg/config/xds/apiclient/grpc.go:121.2,121.24 1 0
github.com/apache/dubbo-go-pixiu/pkg/config/xds/apiclient/grpc.go:124.87,127.16 3 0
github.com/apache/dubbo-go-pixiu/pkg/config/xds/apiclient/grpc.go:127.16,129.3 1 0
github.com/apache/dubbo-go-pixiu/pkg/config/xds/apiclient/grpc.go:130.2,131.19 2 0
github.com/apache/dubbo-go-pixiu/pkg/config/xds/apiclient/grpc.go:134.69,140.2 1 0
github.com/apache/dubbo-go-pixiu/pkg/config/xds/apiclient/grpc.go:142.72,145.2 2 0
github.com/apache/dubbo-go-pixiu/pkg/config/xds/apiclient/grpc.go:147.80,151.20 4 0
github.com/apache/dubbo-go-pixiu/pkg/config/xds/apiclient/grpc.go:151.20,152.7 1 0
github.com/apache/dubbo-go-pixiu/pkg/config/xds/apiclient/grpc.go:152.7,158.18 5 0
github.com/apache/dubbo-go-pixiu/pkg/config/xds/apiclient/grpc.go:158.18,160.12 2 0
github.com/apache/dubbo-go-pixiu/pkg/config/xds/apiclient/grpc.go:161.40,161.40 0 0
github.com/apache/dubbo-go-pixiu/pkg/config/xds/apiclient/grpc.go:162.21,164.12 2 0
github.com/apache/dubbo-go-pixiu/pkg/config/xds/apiclient/grpc.go:167.5,167.13 1 0
github.com/apache/dubbo-go-pixiu/pkg/config/xds/apiclient/grpc.go:169.4,169.10 1 0
github.com/apache/dubbo-go-pixiu/pkg/config/xds/apiclient/grpc.go:173.2,174.18 2 0
github.com/apache/dubbo-go-pixiu/pkg/config/xds/apiclient/grpc.go:174.18,176.3 1 0
github.com/apache/dubbo-go-pixiu/pkg/config/xds/apiclient/grpc.go:177.2,177.12 1 0
github.com/apache/dubbo-go-pixiu/pkg/config/xds/apiclient/grpc.go:177.12,179.22 1 0
github.com/apache/dubbo-go-pixiu/pkg/config/xds/apiclient/grpc.go:179.23,180.4 0 0
github.com/apache/dubbo-go-pixiu/pkg/config/xds/apiclient/grpc.go:181.3,181.11 1 0
github.com/apache/dubbo-go-pixiu/pkg/config/xds/apiclient/grpc.go:184.2,184.12 1 0
github.com/apache/dubbo-go-pixiu/pkg/config/xds/apiclient/grpc.go:184.12,185.7 1 0
github.com/apache/dubbo-go-pixiu/pkg/config/xds/apiclient/grpc.go:185.7,186.8 1 0
github.com/apache/dubbo-go-pixiu/pkg/config/xds/apiclient/grpc.go:186.8,188.19 2 0
github.com/apache/dubbo-go-pixiu/pkg/config/xds/apiclient/grpc.go:188.19,190.11 2 0
github.com/apache/dubbo-go-pixiu/pkg/config/xds/apiclient/grpc.go:192.5,195.19 3 0
github.com/apache/dubbo-go-pixiu/pkg/config/xds/apiclient/grpc.go:195.19,197.11 2 0
github.com/apache/dubbo-go-pixiu/pkg/config/xds/apiclient/grpc.go:200.4,200.13 1 0
github.com/apache/dubbo-go-pixiu/pkg/config/xds/apiclient/grpc.go:204.2,204.12 1 0
github.com/apache/dubbo-go-pixiu/pkg/config/xds/apiclient/grpc.go:207.145,217.44 5 0
github.com/apache/dubbo-go-pixiu/pkg/config/xds/apiclient/grpc.go:217.44,220.3 2 0
github.com/apache/dubbo-go-pixiu/pkg/config/xds/apiclient/grpc.go:222.2,222.37 1 0
github.com/apache/dubbo-go-pixiu/pkg/config/xds/apiclient/grpc.go:222.37,226.17 4 0
github.com/apache/dubbo-go-pixiu/pkg/config/xds/apiclient/grpc.go:226.17,228.4 1 0
github.com/apache/dubbo-go-pixiu/pkg/config/xds/apiclient/grpc.go:229.3,229.65 1 0
github.com/apache/dubbo-go-pixiu/pkg/config/xds/apiclient/grpc.go:232.2,232.21 1 0
github.com/apache/dubbo-go-pixiu/pkg/config/xds/apiclient/grpc.go:235.159,243.2 2 0
github.com/apache/dubbo-go-pixiu/pkg/config/xds/apiclient/grpc.go:245.175,247.16 2 0
github.com/apache/dubbo-go-pixiu/pkg/config/xds/apiclient/grpc.go:247.16,249.3 1 0
github.com/apache/dubbo-go-pixiu/pkg/config/xds/apiclient/grpc.go:250.2,259.16 2 0
github.com/apache/dubbo-go-pixiu/pkg/config/xds/apiclient/grpc.go:259.16,261.3 1 0
github.com/apache/dubbo-go-pixiu/pkg/config/xds/apiclient/grpc.go:262.2,262.19 1 0
github.com/apache/dubbo-go-pixiu/pkg/config/xds/apiclient/grpc.go:265.41,266.36 1 0
github.com/apache/dubbo-go-pixiu/pkg/config/xds/apiclient/grpc.go:266.36,267.46 1 0
github.com/apache/dubbo-go-pixiu/pkg/config/xds/apiclient/grpc.go:270.2,270.35 1 0
github.com/apache/dubbo-go-pixiu/pkg/config/xds/apiclient/grpc.go:270.35,272.3 1 0
github.com/apache/dubbo-go-pixiu/pkg/config/xds/apiclient/grpc.go:273.2,275.16 2 0
github.com/apache/dubbo-go-pixiu/pkg/config/xds/apiclient/grpc.go:275.16,277.13 2 0
github.com/apache/dubbo-go-pixiu/pkg/config/xds/apiclient/grpc.go:279.2,280.16 2 0
github.com/apache/dubbo-go-pixiu/pkg/config/xds/apiclient/grpc.go:280.16,281.13 1 0
github.com/apache/dubbo-go-pixiu/pkg/config/xds/apiclient/grpc.go:283.2,283.83 1 0
github.com/apache/dubbo-go-pixiu/pkg/config/xds/apiclient/grpc.go:299.80,300.35 1 1
github.com/apache/dubbo-go-pixiu/pkg/config/xds/apiclient/grpc.go:300.35,302.3 1 1
github.com/apache/dubbo-go-pixiu/pkg/config/xds/apiclient/grpc.go:304.2,304.43 1 1
github.com/apache/dubbo-go-pixiu/pkg/config/xds/apiclient/grpc.go:304.43,307.3 2 1
github.com/apache/dubbo-go-pixiu/pkg/config/xds/apiclient/grpc.go:309.2,310.16 2 1
github.com/apache/dubbo-go-pixiu/pkg/config/xds/apiclient/grpc.go:310.16,312.3 1 0
github.com/apache/dubbo-go-pixiu/pkg/config/xds/apiclient/grpc.go:314.2,315.37 2 1
github.com/apache/dubbo-go-pixiu/pkg/config/xds/apiclient/grpc.go:315.37,316.23 1 1
github.com/apache/dubbo-go-pixiu/pkg/config/xds/apiclient/grpc.go:316.23,318.9 2 1
github.com/apache/dubbo-go-pixiu/pkg/config/xds/apiclient/grpc.go:321.2,321.23 1 1
github.com/apache/dubbo-go-pixiu/pkg/config/xds/apiclient/grpc.go:321.23,323.3 1 0
github.com/apache/dubbo-go-pixiu/pkg/config/xds/apiclient/grpc.go:324.2,329.24 3 1
github.com/apache/dubbo-go-pixiu/pkg/config/xds/apiclient/grpc.go:332.50,334.43 1 0
github.com/apache/dubbo-go-pixiu/pkg/config/xds/apiclient/grpc.go:334.43,335.52 1 0
github.com/apache/dubbo-go-pixiu/pkg/config/xds/apiclient/grpc.go:335.52,336.38 1 0
github.com/apache/dubbo-go-pixiu/pkg/config/xds/apiclient/grpc.go:336.38,338.5 1 0
github.com/apache/dubbo-go-pixiu/pkg/config/xds/apiclient/grpc.go:340.3,340.14 1 0
github.com/apache/dubbo-go-pixiu/pkg/config/xds/apiclient/grpc.go:342.2,342.12 1 0
github.com/apache/dubbo-go-pixiu/pkg/config/xds/apiclient/grpc.go:345.74,346.19 1 1
github.com/apache/dubbo-go-pixiu/pkg/config/xds/apiclient/grpc.go:346.19,355.35 2 1
github.com/apache/dubbo-go-pixiu/pkg/config/xds/apiclient/grpc.go:355.35,358.4 2 0
github.com/apache/dubbo-go-pixiu/pkg/config/xds/apiclient/grpc.go:359.3,367.17 6 1
github.com/apache/dubbo-go-pixiu/pkg/config/xds/apiclient/grpc.go:367.17,370.4 2 0
github.com/apache/dubbo-go-pixiu/pkg/config/xds/apiclient/grpc.go:371.3,372.16 2 1
github.com/apache/dubbo-go-pixiu/pkg/config/xds/apiclient/grpc.go:374.2,374.20 1 1
github.com/apache/dubbo-go-pixiu/pkg/config/xds/apiclient/grpc.go:377.46,378.19 1 1
github.com/apache/dubbo-go-pixiu/pkg/config/xds/apiclient/grpc.go:378.19,380.3 1 1
github.com/apache/dubbo-go-pixiu/pkg/config/xds/apiclient/grpc.go:381.2,382.15 2 1
github.com/apache/dubbo-go-pixiu/pkg/config/xds/apiclient/grpc.go:382.15,383.31 1 1
github.com/apache/dubbo-go-pixiu/pkg/config/xds/apiclient/grpc.go:383.31,386.4 2 1
github.com/apache/dubbo-go-pixiu/pkg/config/xds/apiclient/grpc.go:388.2,390.8 3 1
github.com/apache/dubbo-go-pixiu/pkg/config/xds/apiclient/grpc.go:393.37,394.19 1 1
github.com/apache/dubbo-go-pixiu/pkg/config/xds/apiclient/grpc.go:394.19,396.3 1 0
github.com/apache/dubbo-go-pixiu/pkg/config/xds/apiclient/grpc.go:397.2,397.39 1 1
github.com/apache/dubbo-go-pixiu/pkg/config/xds/apiclient/grpc.go:397.39,399.3 1 0
github.com/apache/dubbo-go-pixiu/pkg/config/xds/apiclient/grpc.go:400.2,401.12 2 1
github.com/apache/dubbo-go-pixiu/pkg/config/xds/apiclient/grpc_envoy.go:52.67,53.35 1 0
github.com/apache/dubbo-go-pixiu/pkg/config/xds/apiclient/grpc_envoy.go:53.35,54.37 1 0
github.com/apache/dubbo-go-pixiu/pkg/config/xds/apiclient/grpc_envoy.go:54.37,56.4 1 0
github.com/apache/dubbo-go-pixiu/pkg/config/xds/apiclient/grpc_envoy.go:67.30,73.18 6 1
github.com/apache/dubbo-go-pixiu/pkg/config/xds/apiclient/grpc_envoy.go:74.29,75.36 1 1
github.com/apache/dubbo-go-pixiu/pkg/config/xds/apiclient/grpc_envoy.go:76.28,77.35 1 1
github.com/apache/dubbo-go-pixiu/pkg/config/xds/apiclient/grpc_envoy.go:78.29,79.36 1 0
github.com/apache/dubbo-go-pixiu/pkg/config/xds/apiclient/grpc_envoy.go:80.10,82.35 2 0
github.com/apache/dubbo-go-pixiu/pkg/config/xds/apiclient/grpc_envoy.go:85.2,86.26 2 1
github.com/apache/dubbo-go-pixiu/pkg/config/xds/apiclient/grpc_envoy.go:86.26,88.3 1 0
github.com/apache/dubbo-go-pixiu/pkg/config/xds/apiclient/grpc_envoy.go:89.2,89.33 1 1
github.com/apache/dubbo-go-pixiu/pkg/config/xds/apiclient/grpc_envoy.go:89.33,91.3 1 1
github.com/apache/dubbo-go-pixiu/pkg/config/xds/apiclient/grpc_envoy.go:92.2,92.15 1 0
github.com/apache/dubbo-go-pixiu/pkg/config/xds/apiclient/grpc_envoy.go:104.41,105.36 1 1
github.com/apache/dubbo-go-pixiu/pkg/config/xds/apiclient/grpc_envoy.go:105.36,107.3 1 1
github.com/apache/dubbo-go-pixiu/pkg/config/xds/apiclient/grpc_envoy.go:109.2,109.35 1 1
github.com/apache/dubbo-go-pixiu/pkg/config/xds/apiclient/grpc_envoy.go:109.35,111.3 1 0
github.com/apache/dubbo-go-pixiu/pkg/config/xds/apiclient/grpc_envoy.go:112.2,114.16 2 1
github.com/apache/dubbo-go-pixiu/pkg/config/xds/apiclient/grpc_envoy.go:114.16,116.3 1 1
github.com/apache/dubbo-go-pixiu/pkg/config/xds/apiclient/grpc_envoy.go:117.2,118.16 2 0
github.com/apache/dubbo-go-pixiu/pkg/config/xds/apiclient/grpc_envoy.go:118.16,120.3 1 0
github.com/apache/dubbo-go-pixiu/pkg/config/xds/apiclient/grpc_envoy.go:121.2,124.12 3 0
github.com/apache/dubbo-go-pixiu/pkg/config/xds/apiclient/grpc_envoy.go:127.65,130.2 1 0
github.com/apache/dubbo-go-pixiu/pkg/config/xds/apiclient/grpc_envoy.go:132.66,135.2 2 0
github.com/apache/dubbo-go-pixiu/pkg/config/xds/apiclient/grpc_envoy.go:142.72,147.19 4 0
github.com/apache/dubbo-go-pixiu/pkg/config/xds/apiclient/grpc_envoy.go:148.29,149.37 1 0
github.com/apache/dubbo-go-pixiu/pkg/config/xds/apiclient/grpc_envoy.go:149.37,150.29 1 0
github.com/apache/dubbo-go-pixiu/pkg/config/xds/apiclient/grpc_envoy.go:150.29,152.47 2 0
github.com/apache/dubbo-go-pixiu/pkg/config/xds/apiclient/grpc_envoy.go:152.47,154.14 2 0
github.com/apache/dubbo-go-pixiu/pkg/config/xds/apiclient/grpc_envoy.go:158.28,159.37 1 0
github.com/apache/dubbo-go-pixiu/pkg/config/xds/apiclient/grpc_envoy.go:159.37,161.29 1 0
github.com/apache/dubbo-go-pixiu/pkg/config/xds/apiclient/grpc_envoy.go:161.29,164.47 3 0
github.com/apache/dubbo-go-pixiu/pkg/config/xds/apiclient/grpc_envoy.go:164.47,166.14 2 0
github.com/apache/dubbo-go-pixiu/pkg/config/xds/apiclient/grpc_envoy.go:169.5,169.52 1 0
github.com/apache/dubbo-go-pixiu/pkg/config/xds/apiclient/grpc_envoy.go:172.4,175.45 3 0
github.com/apache/dubbo-go-pixiu/pkg/config/xds/apiclient/grpc_envoy.go:175.45,176.20 1 0
github.com/apache/dubbo-go-pixiu/pkg/config/xds/apiclient/grpc_envoy.go:176.20,178.6 1 0
github.com/apache/dubbo-go-pixiu/pkg/config/xds/apiclient/grpc_envoy.go:182.4,182.81 1 0
github.com/apache/dubbo-go-pixiu/pkg/config/xds/apiclient/grpc_envoy.go:182.81,199.30 2 0
github.com/apache/dubbo-go-pixiu/pkg/config/xds/apiclient/grpc_envoy.go:199.30,201.48 2 0
github.com/apache/dubbo-go-pixiu/pkg/config/xds/apiclient/grpc_envoy.go:201.48,203.15 2 0
github.com/apache/dubbo-go-pixiu/pkg/config/xds/apiclient/grpc_envoy.go:205.6,208.37 3 0
github.com/apache/dubbo-go-pixiu/pkg/config/xds/apiclient/grpc_envoy.go:208.37,219.7 2 0
github.com/apache/dubbo-go-pixiu/pkg/config/xds/apiclient/grpc_envoy.go:223.5,228.40 1 0
github.com/apache/dubbo-go-pixiu/pkg/config/xds/apiclient/grpc_envoy.go:228.40,230.24 2 0
github.com/apache/dubbo-go-pixiu/pkg/config/xds/apiclient/grpc_envoy.go:230.24,233.11 2 0
github.com/apache/dubbo-go-pixiu/pkg/config/xds/apiclient/grpc_envoy.go:234.10,234.18 1 0
github.com/apache/dubbo-go-pixiu/pkg/config/xds/apiclient/grpc_envoy.go:242.4,242.18 1 0
github.com/apache/dubbo-go-pixiu/pkg/config/xds/apiclient/grpc_envoy.go:242.18,244.5 1 0
github.com/apache/dubbo-go-pixiu/pkg/config/xds/apiclient/grpc_envoy.go:247.10,248.81 1 0
github.com/apache/dubbo-go-pixiu/pkg/config/xds/apiclient/grpc_envoy.go:251.2,251.49 1 0
github.com/apache/dubbo-go-pixiu/pkg/config/xds/apiclient/grpc_envoy.go:251.49,253.3 1 0
github.com/apache/dubbo-go-pixiu/pkg/config/xds/apiclient/grpc_envoy.go:255.2,255.12 1 0
github.com/apache/dubbo-go-pixiu/pkg/config/xds/apiclient/grpc_envoy.go:259.82,260.23 1 0
github.com/apache/dubbo-go-pixiu/pkg/config/xds/apiclient/grpc_envoy.go:260.23,262.3 1 0
github.com/apache/dubbo-go-pixiu/pkg/config/xds/apiclient/grpc_envoy.go:263.2,271.19 1 0
github.com/apache/dubbo-go-pixiu/pkg/config/xds/apiclient/grpc_envoy.go:276.47,280.48 2 0
github.com/apache/dubbo-go-pixiu/pkg/config/xds/apiclient/grpc_envoy.go:280.48,282.3 1 0
github.com/apache/dubbo-go-pixiu/pkg/config/xds/apiclient/grpc_envoy.go:283.2,283.12 1 0
github.com/apache/dubbo-go-pixiu/pkg/config/xds/apiclient/grpc_envoy.go:287.111,292.20 4 0
github.com/apache/dubbo-go-pixiu/pkg/config/xds/apiclient/grpc_envoy.go:292.20,294.7 2 0
github.com/apache/dubbo-go-pixiu/pkg/config/xds/apiclient/grpc_envoy.go:294.7,300.18 5 0
github.com/apache/dubbo-go-pixiu/pkg/config/xds/apiclient/grpc_envoy.go:300.18,302.12 2 0
github.com/apache/dubbo-go-pixiu/pkg/config/xds/apiclient/grpc_envoy.go:303.40,303.40 0 0
github.com/apache/dubbo-go-pixiu/pkg/config/xds/apiclient/grpc_envoy.go:304.21,306.12 2 0
github.com/apache/dubbo-go-pixiu/pkg/config/xds/apiclient/grpc_envoy.go:308.5,308.13 1 0
github.com/apache/dubbo-go-pixiu/pkg/config/xds/apiclient/grpc_envoy.go:310.4,310.10 1 0
github.com/apache/dubbo-go-pixiu/pkg/config/xds/apiclient/grpc_envoy.go:314.2,315.18 2 0
github.com/apache/dubbo-go-pixiu/pkg/config/xds/apiclient/grpc_envoy.go:315.18,317.3 1 0
github.com/apache/dubbo-go-pixiu/pkg/config/xds/apiclient/grpc_envoy.go:318.2,318.12 1 0
github.com/apache/dubbo-go-pixiu/pkg/config/xds/apiclient/grpc_envoy.go:318.12,320.22 1 0
github.com/apache/dubbo-go-pixiu/pkg/config/xds/apiclient/grpc_envoy.go:320.23,321.4 0 0
github.com/apache/dubbo-go-pixiu/pkg/config/xds/apiclient/grpc_envoy.go:322.3,322.11 1 0
github.com/apache/dubbo-go-pixiu/pkg/config/xds/apiclient/grpc_envoy.go:325.2,325.12 1 0
github.com/apache/dubbo-go-pixiu/pkg/config/xds/apiclient/grpc_envoy.go:325.12,326.7 1 0
github.com/apache/dubbo-go-pixiu/pkg/config/xds/apiclient/grpc_envoy.go:326.7,327.8 1 0
github.com/apache/dubbo-go-pixiu/pkg/config/xds/apiclient/grpc_envoy.go:327.8,329.19 2 0
github.com/apache/dubbo-go-pixiu/pkg/config/xds/apiclient/grpc_envoy.go:329.19,331.11 2 0
github.com/apache/dubbo-go-pixiu/pkg/config/xds/apiclient/grpc_envoy.go:333.5,333.49 1 0
github.com/apache/dubbo-go-pixiu/pkg/config/xds/apiclient/grpc_envoy.go:335.4,335.13 1 0
github.com/apache/dubbo-go-pixiu/pkg/config/xds/apiclient/grpc_envoy.go:339.2,339.12 1 0
github.com/apache/dubbo-go-pixiu/pkg/config/xds/apiclient/grpc_envoy.go:342.139,350.2 4 0
github.com/apache/dubbo-go-pixiu/pkg/config/xds/apiclient/grpc_envoy.go:352.212,356.16 4 0
github.com/apache/dubbo-go-pixiu/pkg/config/xds/apiclient/grpc_envoy.go:356.16,358.3 1 0
github.com/apache/dubbo-go-pixiu/pkg/config/xds/apiclient/grpc_envoy.go:360.2,361.16 2 0
github.com/apache/dubbo-go-pixiu/pkg/config/xds/apiclient/grpc_envoy.go:361.16,363.3 1 0
github.com/apache/dubbo-go-pixiu/pkg/config/xds/apiclient/grpc_envoy.go:364.2,364.8 1 0
github.com/apache/dubbo-go-pixiu/pkg/config/xds/apiclient/grpc_envoy.go:369.33,378.2 1 0
github.com/apache/dubbo-go-pixiu/pkg/config/xds/apiclient/grpc_envoy.go:380.63,382.21 2 0
github.com/apache/dubbo-go-pixiu/pkg/config/xds/apiclient/grpc_envoy.go:382.21,385.3 2 0
github.com/apache/dubbo-go-pixiu/pkg/config/xds/apiclient/grpc_envoy.go:386.2,387.23 2 0
github.com/apache/dubbo-go-pixiu/pkg/config/xds/apiclient/grpc_envoy.go:387.23,390.3 2 0
github.com/apache/dubbo-go-pixiu/pkg/config/xds/apiclient/grpc_envoy.go:391.2,392.22 2 0
github.com/apache/dubbo-go-pixiu/pkg/config/xds/apiclient/grpc_envoy.go:392.22,395.3 2 0
github.com/apache/dubbo-go-pixiu/pkg/config/xds/apiclient/grpc_envoy.go:397.2,415.3 1 0
github.com/apache/dubbo-go-pixiu/pkg/config/xds/apiclient/grpc_envoy.go:419.133,421.77 2 0
github.com/apache/dubbo-go-pixiu/pkg/config/xds/apiclient/grpc_envoy.go:421.77,424.3 2 0
github.com/apache/dubbo-go-pixiu/pkg/config/xds/apiclient/grpc_envoy.go:426.2,426.46 1 0
github.com/apache/dubbo-go-pixiu/pkg/config/xds/apiclient/grpc_envoy.go:427.31,428.40 1 0
github.com/apache/dubbo-go-pixiu/pkg/config/xds/apiclient/grpc_envoy.go:428.40,430.73 2 0
github.com/apache/dubbo-go-pixiu/pkg/config/xds/apiclient/grpc_envoy.go:430.73,432.5 1 0
github.com/apache/dubbo-go-pixiu/pkg/config/xds/apiclient/grpc_envoy.go:434.4,434.56 1 0
github.com/apache/dubbo-go-pixiu/pkg/config/xds/apiclient/grpc_envoy.go:434.56,436.5 1 0
github.com/apache/dubbo-go-pixiu/pkg/config/xds/apiclient/grpc_envoy.go:438.4,441.5 1 0
github.com/apache/dubbo-go-pixiu/pkg/config/xds/apiclient/grpc_envoy.go:442.9,444.4 1 0
